// Jest Snapshot v1, https://goo.gl/fbAQLP

exports[`The BigqueryAcquisitionsPublisher stack matches the snapshot 1`] = `
{
  "Metadata": {
    "gu:cdk:constructs": [
      "GuDistributionBucketParameter",
      "GuLambdaFunction",
      "GuLambdaErrorPercentageAlarm",
      "GuAlarm",
    ],
    "gu:cdk:version": "TEST",
  },
  "Parameters": {
    "DistributionBucketName": {
      "Default": "/account/services/artifact.bucket",
      "Description": "SSM parameter containing the S3 bucket name holding distribution artifacts",
      "Type": "AWS::SSM::Parameter::Value<String>",
    },
  },
  "Resources": {
    "DeadLetterQueueAlarm48D9D867": {
      "Properties": {
        "ActionsEnabled": true,
        "AlarmActions": [
          {
            "Fn::Join": [
              "",
              [
                "arn:aws:sns:",
                {
                  "Ref": "AWS::Region",
                },
                ":",
                {
                  "Ref": "AWS::AccountId",
                },
                ":alarms-handler-topic-PROD",
              ],
            ],
          },
        ],
        "AlarmDescription": "There is one or more event in the dead-letters-bigquery-acquisitions-publisher-PROD dead letter queue (DLQ). Check the logs for the error and use the details to confirm that the event was not written to the fact_acquisition_event table in BigQuery. If the event is not in the table then use the DLQ redrive feature to replay the failed event. If the redrive functionality is not used then purge the queue instead or the alarm will remain in an alarm state.
Main queue: https://eu-west-1.console.aws.amazon.com/sqs/v2/home?region=eu-west-1#/queues/https%3A%2F%2Fsqs.eu-west-1.amazonaws.com%2F865473395570%2Fbigquery-acquisitions-publisher-queue-PROD
DLQ: https://eu-west-1.console.aws.amazon.com/sqs/v2/home?region=eu-west-1#/queues/https%3A%2F%2Fsqs.eu-west-1.amazonaws.com%2F865473395570%2Fdead-letters-bigquery-acquisitions-publisher-PROD
Logs: https://eu-west-1.console.aws.amazon.com/cloudwatch/home?region=eu-west-1#logsV2:log-groups/log-group/$252Faws$252Flambda$252Fbigquery-acquisitions-publisher-PROD",
        "AlarmName": "The PROD bigquery-acquisitions-publisher lambda has failed",
        "ComparisonOperator": "GreaterThanOrEqualToThreshold",
        "Dimensions": [
          {
            "Name": "QueueName",
            "Value": {
              "Fn::GetAtt": [
                "deadlettersbigqueryacquisitionspublisherQueue2B5FA5C1",
                "QueueName",
              ],
            },
          },
        ],
        "EvaluationPeriods": 1,
        "MetricName": "ApproximateNumberOfMessagesVisible",
        "Namespace": "AWS/SQS",
        "Period": 300,
        "Statistic": "Maximum",
        "Tags": [
          {
            "Key": "gu:cdk:version",
            "Value": "TEST",
          },
          {
            "Key": "gu:repo",
            "Value": "guardian/support-frontend",
          },
          {
            "Key": "Stack",
            "Value": "support",
          },
          {
            "Key": "Stage",
            "Value": "PROD",
          },
        ],
        "Threshold": 1,
        "TreatMissingData": "ignore",
      },
      "Type": "AWS::CloudWatch::Alarm",
    },
    "EventBusToSQSRule72D08395": {
      "Properties": {
        "Description": "Send all events to SQS",
        "EventBusName": {
          "Ref": "acquisitionsbusPROD768AFDE3",
        },
        "EventPattern": {
          "region": [
            "eu-west-1",
          ],
        },
        "State": "ENABLED",
        "Targets": [
          {
            "Arn": {
              "Fn::GetAtt": [
                "bigqueryacquisitionspublisherQueue3F783231",
                "Arn",
              ],
            },
            "Id": "Target0",
          },
        ],
      },
      "Type": "AWS::Events::Rule",
    },
    "SoftOptInToSQSRuleA7A6FB25": {
      "Properties": {
        "Description": "Send all events received via support-workers onto soft opt-in SQS queue",
        "EventBusName": {
          "Ref": "acquisitionsbusPROD768AFDE3",
        },
        "EventPattern": {
          "region": [
            "eu-west-1",
          ],
          "source": [
            "support-workers.1",
          ],
        },
        "State": "ENABLED",
        "Targets": [
          {
            "Arn": "arn:aws:sqs:eu-west-1:865473395570:soft-opt-in-consent-setter-queue-PROD",
            "Id": "Target0",
            "InputTransformer": {
              "InputPathsMap": {
                "detail-identityId": "$.detail.identityId",
                "detail-productName": "$.detail.productName",
                "detail-zuoraSubscriptionNumber": "$.detail.zuoraSubscriptionNumber",
              },
              "InputTemplate": "{"subscriptionId":<detail-zuoraSubscriptionNumber>,"identityId":<detail-identityId>,"eventType":"Acquisition","productName":<detail-productName>,"previousProductName":null}",
            },
          },
        ],
      },
      "Type": "AWS::Events::Rule",
    },
    "acquisitionsbusPROD768AFDE3": {
      "Properties": {
        "Name": "acquisitions-bus-PROD",
        "Tags": [
          {
            "Key": "gu:cdk:version",
            "Value": "TEST",
          },
          {
            "Key": "gu:repo",
            "Value": "guardian/support-frontend",
          },
          {
            "Key": "Stack",
            "Value": "support",
          },
          {
            "Key": "Stage",
            "Value": "PROD",
          },
        ],
      },
      "Type": "AWS::Events::EventBus",
    },
    "acquisitionsbusPRODarchiveArchiveCA0B270E": {
      "Properties": {
        "ArchiveName": "acquisitions-bus-PROD-archive",
        "Description": "Archive for all events sent to acquisitions-bus-PROD-archive",
        "EventPattern": {
          "account": [
            "account",
          ],
          "region": [
            "eu-west-1",
          ],
        },
        "RetentionDays": 90,
        "SourceArn": {
          "Fn::GetAtt": [
            "acquisitionsbusPROD768AFDE3",
            "Arn",
          ],
        },
      },
      "Type": "AWS::Events::Archive",
    },
    "bigqueryacquisitionspublisherLambdaD7F059E6": {
      "DependsOn": [
        "bigquerytos3roleDefaultPolicy0D20CB1A",
        "bigquerytos3role8B775EB2",
      ],
      "Properties": {
        "Code": {
          "S3Bucket": {
            "Ref": "DistributionBucketName",
          },
          "S3Key": "support/PROD/bigquery-acquisitions-publisher/index.zip",
        },
        "Environment": {
          "Variables": {
            "APP": "bigquery-acquisitions-publisher",
            "STACK": "support",
            "STAGE": "PROD",
          },
        },
        "FunctionName": "bigquery-acquisitions-publisher-PROD",
        "Handler": "index.handler",
        "LoggingConfig": {
          "LogFormat": "Text",
        },
        "MemorySize": 512,
        "Role": {
          "Fn::GetAtt": [
            "bigquerytos3role8B775EB2",
            "Arn",
          ],
        },
        "Runtime": "nodejs20.x",
        "Tags": [
          {
            "Key": "App",
            "Value": "bigquery-acquisitions-publisher",
          },
          {
            "Key": "gu:cdk:version",
            "Value": "TEST",
          },
          {
            "Key": "gu:repo",
            "Value": "guardian/support-frontend",
          },
          {
            "Key": "Stack",
            "Value": "support",
          },
          {
            "Key": "Stage",
            "Value": "PROD",
          },
        ],
        "Timeout": 120,
      },
      "Type": "AWS::Lambda::Function",
    },
    "bigqueryacquisitionspublisherLambdaErrorPercentageAlarmForLambdaA9607597": {
      "Properties": {
        "ActionsEnabled": true,
        "AlarmActions": [
          {
            "Fn::Join": [
              "",
              [
                "arn:aws:sns:",
                {
                  "Ref": "AWS::Region",
                },
                ":",
                {
                  "Ref": "AWS::AccountId",
                },
                ":alarms-handler-topic-PROD",
              ],
            ],
          },
        ],
        "AlarmDescription": "Check the logs for details https://eu-west-1.console.aws.amazon.com/cloudwatch/home?region=eu-west-1#logsV2:log-groups/log-group/$252Faws$252Flambda$252Fbigquery-acquisitions-publisher-PROD",
        "AlarmName": "big-query-acquisition-publisher lambda has failed",
        "ComparisonOperator": "GreaterThanThreshold",
        "EvaluationPeriods": 1,
        "Metrics": [
          {
            "Expression": "100*m1/m2",
            "Id": "expr_1",
            "Label": {
              "Fn::Join": [
                "",
                [
                  "Error % of ",
                  {
                    "Ref": "bigqueryacquisitionspublisherLambdaD7F059E6",
                  },
                ],
              ],
            },
          },
          {
            "Id": "m1",
            "MetricStat": {
              "Metric": {
                "Dimensions": [
                  {
                    "Name": "FunctionName",
                    "Value": {
                      "Ref": "bigqueryacquisitionspublisherLambdaD7F059E6",
                    },
                  },
                ],
                "MetricName": "Errors",
                "Namespace": "AWS/Lambda",
              },
              "Period": 60,
              "Stat": "Sum",
            },
            "ReturnData": false,
          },
          {
            "Id": "m2",
            "MetricStat": {
              "Metric": {
                "Dimensions": [
                  {
                    "Name": "FunctionName",
                    "Value": {
                      "Ref": "bigqueryacquisitionspublisherLambdaD7F059E6",
                    },
                  },
                ],
                "MetricName": "Invocations",
                "Namespace": "AWS/Lambda",
              },
              "Period": 60,
              "Stat": "Sum",
            },
            "ReturnData": false,
          },
        ],
        "Tags": [
          {
            "Key": "gu:cdk:version",
            "Value": "TEST",
          },
          {
            "Key": "gu:repo",
            "Value": "guardian/support-frontend",
          },
          {
            "Key": "Stack",
            "Value": "support",
          },
          {
            "Key": "Stage",
            "Value": "PROD",
          },
        ],
        "Threshold": 0,
        "TreatMissingData": "notBreaching",
      },
      "Type": "AWS::CloudWatch::Alarm",
    },
    "bigqueryacquisitionspublisherLambdaSqsEventSourceBigqueryAcquisitionsPublisherPRODbigqueryacquisitionspublisherQueue4510DFFB25270BDD": {
      "Properties": {
        "EventSourceArn": {
          "Fn::GetAtt": [
            "bigqueryacquisitionspublisherQueue3F783231",
            "Arn",
          ],
        },
        "FunctionName": {
          "Ref": "bigqueryacquisitionspublisherLambdaD7F059E6",
        },
        "FunctionResponseTypes": [
          "ReportBatchItemFailures",
        ],
      },
      "Type": "AWS::Lambda::EventSourceMapping",
    },
    "bigqueryacquisitionspublisherQueue3F783231": {
      "DeletionPolicy": "Delete",
      "Properties": {
        "QueueName": "bigquery-acquisitions-publisher-queue-PROD",
        "RedrivePolicy": {
          "deadLetterTargetArn": {
            "Fn::GetAtt": [
              "deadlettersbigqueryacquisitionspublisherQueue2B5FA5C1",
              "Arn",
            ],
          },
          "maxReceiveCount": 1,
        },
        "Tags": [
          {
            "Key": "gu:cdk:version",
            "Value": "TEST",
          },
          {
            "Key": "gu:repo",
            "Value": "guardian/support-frontend",
          },
          {
            "Key": "Stack",
            "Value": "support",
          },
          {
            "Key": "Stage",
            "Value": "PROD",
          },
        ],
        "VisibilityTimeout": 120,
      },
      "Type": "AWS::SQS::Queue",
      "UpdateReplacePolicy": "Delete",
    },
    "bigqueryacquisitionspublisherQueuePolicy28887A75": {
      "Properties": {
        "PolicyDocument": {
          "Statement": [
            {
              "Action": [
                "sqs:SendMessage",
                "sqs:GetQueueAttributes",
                "sqs:GetQueueUrl",
              ],
              "Condition": {
                "ArnEquals": {
                  "aws:SourceArn": {
                    "Fn::GetAtt": [
                      "EventBusToSQSRule72D08395",
                      "Arn",
                    ],
                  },
                },
              },
              "Effect": "Allow",
              "Principal": {
                "Service": "events.amazonaws.com",
              },
              "Resource": {
                "Fn::GetAtt": [
                  "bigqueryacquisitionspublisherQueue3F783231",
                  "Arn",
                ],
              },
            },
          ],
          "Version": "2012-10-17",
        },
        "Queues": [
          {
            "Ref": "bigqueryacquisitionspublisherQueue3F783231",
          },
        ],
      },
      "Type": "AWS::SQS::QueuePolicy",
    },
    "bigquerytos3role8B775EB2": {
      "Properties": {
        "AssumeRolePolicyDocument": {
          "Statement": [
            {
              "Action": "sts:AssumeRole",
              "Effect": "Allow",
              "Principal": {
                "Service": "lambda.amazonaws.com",
              },
            },
          ],
          "Version": "2012-10-17",
        },
        "RoleName": "bq-acq-PROD",
        "Tags": [
          {
            "Key": "gu:cdk:version",
            "Value": "TEST",
          },
          {
            "Key": "gu:repo",
            "Value": "guardian/support-frontend",
          },
          {
            "Key": "Stack",
            "Value": "support",
          },
          {
            "Key": "Stage",
            "Value": "PROD",
          },
        ],
      },
      "Type": "AWS::IAM::Role",
    },
    "bigquerytos3roleDefaultPolicy0D20CB1A": {
      "Properties": {
        "PolicyDocument": {
          "Statement": [
            {
              "Action": [
                "logs:CreateLogGroup",
                "logs:CreateLogStream",
                "logs:PutLogEvents",
              ],
              "Effect": "Allow",
              "Resource": "*",
            },
            {
              "Action": "ssm:GetParameter",
              "Effect": "Allow",
              "Resource": {
                "Fn::Join": [
                  "",
                  [
                    "arn:aws:ssm:",
                    {
                      "Ref": "AWS::Region",
                    },
                    ":",
                    {
                      "Ref": "AWS::AccountId",
                    },
                    ":parameter/bigquery-acquisitions-publisher/PROD/gcp-wif-credentials-config",
                  ],
                ],
              },
            },
            {
              "Action": [
                "sqs:ReceiveMessage",
                "sqs:ChangeMessageVisibility",
                "sqs:GetQueueUrl",
                "sqs:DeleteMessage",
                "sqs:GetQueueAttributes",
              ],
              "Effect": "Allow",
              "Resource": {
                "Fn::GetAtt": [
                  "bigqueryacquisitionspublisherQueue3F783231",
                  "Arn",
                ],
              },
            },
            {
              "Action": [
                "s3:GetObject*",
                "s3:GetBucket*",
                "s3:List*",
              ],
              "Effect": "Allow",
              "Resource": [
                {
                  "Fn::Join": [
                    "",
                    [
                      "arn:",
                      {
                        "Ref": "AWS::Partition",
                      },
                      ":s3:::",
                      {
                        "Ref": "DistributionBucketName",
                      },
                    ],
                  ],
                },
                {
                  "Fn::Join": [
                    "",
                    [
                      "arn:",
                      {
                        "Ref": "AWS::Partition",
                      },
                      ":s3:::",
                      {
                        "Ref": "DistributionBucketName",
                      },
                      "/support/PROD/bigquery-acquisitions-publisher/index.zip",
                    ],
                  ],
                },
              ],
            },
            {
              "Action": "ssm:GetParametersByPath",
              "Effect": "Allow",
              "Resource": {
                "Fn::Join": [
                  "",
                  [
                    "arn:aws:ssm:",
                    {
                      "Ref": "AWS::Region",
                    },
                    ":",
                    {
                      "Ref": "AWS::AccountId",
                    },
                    ":parameter/PROD/support/bigquery-acquisitions-publisher",
                  ],
                ],
              },
            },
            {
              "Action": [
                "ssm:GetParameters",
                "ssm:GetParameter",
              ],
              "Effect": "Allow",
              "Resource": {
                "Fn::Join": [
                  "",
                  [
                    "arn:aws:ssm:",
                    {
                      "Ref": "AWS::Region",
                    },
                    ":",
                    {
                      "Ref": "AWS::AccountId",
                    },
                    ":parameter/PROD/support/bigquery-acquisitions-publisher/*",
                  ],
                ],
              },
            },
          ],
          "Version": "2012-10-17",
        },
        "PolicyName": "bigquerytos3roleDefaultPolicy0D20CB1A",
        "Roles": [
          {
            "Ref": "bigquerytos3role8B775EB2",
          },
        ],
      },
      "Type": "AWS::IAM::Policy",
    },
    "deadlettersbigqueryacquisitionspublisherQueue2B5FA5C1": {
      "DeletionPolicy": "Delete",
      "Properties": {
        "MessageRetentionPeriod": 1209600,
        "QueueName": "dead-letters-bigquery-acquisitions-publisher-PROD",
        "Tags": [
          {
            "Key": "gu:cdk:version",
            "Value": "TEST",
          },
          {
            "Key": "gu:repo",
            "Value": "guardian/support-frontend",
          },
          {
            "Key": "Stack",
            "Value": "support",
          },
          {
            "Key": "Stage",
            "Value": "PROD",
          },
        ],
      },
      "Type": "AWS::SQS::Queue",
      "UpdateReplacePolicy": "Delete",
    },
  },
}
`;
