// Jest Snapshot v1, https://goo.gl/fbAQLP

exports[`Payment Ts&Cs Snapshot comparison paymentTs&Cs render product Contribution for region Annual correctly 1`] = `"By proceeding, you are agreeing to our Terms and Conditions. To find out what personal data we collect and how we use it, please visit our Privacy Policy.All card payments are powered by Stripe. Read the Stripe Privacy Policy and Terms and conditions."`;

exports[`Payment Ts&Cs Snapshot comparison paymentTs&Cs render product DigitalSubscription for region Monthly correctly 1`] = `"Payment taken after the first 14 day free trial. At the end of the free trial period your subscription will auto-renew, and you will be charged, each month at the full price of £14.99 per month or £149 per year unless you cancel. You can cancel at any time before your next renewal date. Cancellation will take effect at the end of your current subscription month. To cancel, go to Manage My Account or see our Terms.By proceeding, you are agreeing to our Terms and Conditions. To find out what personal data we collect and how we use it, please visit our Privacy Policy.All card payments are powered by Stripe. Read the Stripe Privacy Policy and Terms and conditions."`;

exports[`Payment Ts&Cs Snapshot comparison paymentTs&Cs render product GuardianAdLite for region Annual correctly 1`] = `"Your Guardian Ad-Lite subscription will auto-renew each year unless cancelled. Your first payment will be taken on day 15 after signing up but you will start to receive your Guardian Ad-Lite benefits when you sign up. Unless you cancel, subsequent monthly payments will be taken on this date using your chosen payment method. You can cancel your subscription at any time before your next renewal date. If you cancel your Guardian Ad-Lite subscription within 14 days of signing up, your subscription will stop immediately and we will not take the first payment from you. Cancellation of your subscription after 14 days will take effect at the end of your current monthly payment period. To cancel, go to Manage My Account or see our Guardian Ad-Lite Terms.By proceeding, you are agreeing to the Guardian Ad-Lite Terms. To find out what personal data we collect and how we use it, please visit our Privacy Policy.All card payments are powered by Stripe. Read the Stripe Privacy Policy and Terms and conditions."`;

exports[`Payment Ts&Cs Snapshot comparison paymentTs&Cs render product GuardianWeeklyDomestic for region Monthly correctly 1`] = `"By proceeding, you are agreeing to our Terms & Conditions. To find out what personal data we collect and how we use it, please visit our Privacy Policy.All card payments are powered by Stripe. Read the Stripe Privacy Policy and Terms and conditions."`;

exports[`Payment Ts&Cs Snapshot comparison paymentTs&Cs render product GuardianWeeklyRestOfWorld for region Annual correctly 1`] = `"By proceeding, you are agreeing to our Terms & Conditions. To find out what personal data we collect and how we use it, please visit our Privacy Policy.All card payments are powered by Stripe. Read the Stripe Privacy Policy and Terms and conditions."`;

exports[`Payment Ts&Cs Snapshot comparison paymentTs&Cs render product HomeDelivery for region EverydayPlus correctly 1`] = `"Your first payment will be taken on Sunday, September 21, 2025 when your first newspaper is delivered. You can cancel your subscription at any time before your next renewal date. Cancellation will take effect at the end of your current payment period. To cancel, use the contact details listed on our Help Centre. We will share your contact and subscription details with our fulfilment partners.By proceeding, you are agreeing to our Terms & Conditions. To find out what personal data we collect and how we use it, please visit our Privacy Policy.All card payments are powered by Stripe. Read the Stripe Privacy Policy and Terms and conditions."`;

exports[`Payment Ts&Cs Snapshot comparison paymentTs&Cs render product NationalDelivery for region EverydayPlus correctly 1`] = `"Your first payment will be taken on Sunday, September 21, 2025 when your first newspaper is delivered. You can cancel your subscription at any time before your next renewal date. Cancellation will take effect at the end of your current payment period. To cancel, use the contact details listed on our Help Centre. We will share your contact and subscription details with our fulfilment partners.By proceeding, you are agreeing to our Terms & Conditions. To find out what personal data we collect and how we use it, please visit our Privacy Policy.All card payments are powered by Stripe. Read the Stripe Privacy Policy and Terms and conditions."`;

exports[`Payment Ts&Cs Snapshot comparison paymentTs&Cs render product SubscriptionCard for region EverydayPlus correctly 1`] = `"Your first payment will be taken on Sunday, September 21, 2025. You can cancel your subscription at any time before your next renewal date. Cancellation will take effect at the end of your current payment period. To cancel, use the contact details listed on our Help Centre. We will share your contact and subscription details with our fulfilment partners to provide you with your subscription card.By proceeding, you are agreeing to our Terms & Conditions. To find out what personal data we collect and how we use it, please visit our Privacy Policy.All card payments are powered by Stripe. Read the Stripe Privacy Policy and Terms and conditions."`;

exports[`Payment Ts&Cs Snapshot comparison paymentTs&Cs render product SupporterPlus for region Monthly correctly 1`] = `"If you pay at least £12 per month, you will receive the All-access digital benefits on a subscription basis. If you increase your payments per month, these additional amounts will be separate monthly voluntary financial contributions to the Guardian. The All-access digital subscription and any contributions will auto-renew each month. You will be charged the subscription and contribution amounts using your chosen payment method at each renewal unless you cancel. You can cancel your subscription or change your contributions at any time before your next renewal date. If you cancel within 14 days of taking out a All-access digital subscription, you’ll receive a full refund (including of any contributions) and your subscription and any contribution will stop immediately. Cancellation of your subscription (which will also cancel any contribution) or cancellation of your contribution made after 14 days will take effect at the end of your current monthly payment period. To cancel, go to Manage My Account or see our Terms.By proceeding, you are agreeing to our Terms and Conditions. To find out what personal data we collect and how we use it, please visit our Privacy Policy.All card payments are powered by Stripe. Read the Stripe Privacy Policy and Terms and conditions."`;

exports[`Payment Ts&Cs Snapshot comparison paymentTs&Cs render product SupporterPlus for region OneYearStudent correctly 1`] = `"You may cancel your All-access digital subscription within 14 days of taking out the subscription. If you do, you'll receive a full refund and your subscription will stop immediately. To cancel, go to Manage My Account or see our Terms. This subscription does not auto-renew.By proceeding, you are agreeing to our Terms and Conditions. To find out what personal data we collect and how we use it, please visit our Privacy Policy.All card payments are powered by Stripe. Read the Stripe Privacy Policy and Terms and conditions."`;

exports[`Payment Ts&Cs Snapshot comparison paymentTs&Cs render product TierThree for region RestOfWorldMonthly correctly 1`] = `"By signing up, you are taking out a Digital + print subscription. Your Digital + print subscription will auto-renew each month unless cancelled. Your first payment will be taken on the publication date of your first Guardian Weekly magazine (as shown in the checkout) but you will start to receive your digital benefits when you sign up. Unless you cancel, subsequent monthly payments will be taken on this date using your chosen payment method. You can cancel your Digital + print subscription at any time before your next renewal date. If you cancel your Digital + print subscription within 14 days of signing up, your subscription will stop immediately and we will not take the first payment from you. Cancellation of your subscription after 14 days will take effect at the end of your current monthly payment period. To cancel go to Manage My Account or see our Digital + print Terms.By proceeding, you are agreeing to Digital + print Terms. To find out what personal data we collect and how we use it, please visit our Privacy Policy.All card payments are powered by Stripe. Read the Stripe Privacy Policy and Terms and conditions."`;
