// Jest Snapshot v1, https://goo.gl/fbAQLP

exports[`acquisitions derivePaymentApiAcquisitionData should return a PaymentAPIAcquisitionData correctly built 1`] = `
{
  "abTests": [
    {
      "name": "testId1",
      "variant": "variant1",
    },
    {
      "name": "testId2",
      "variant": "variant2",
    },
    {
      "name": "testId3",
      "variant": "variant3",
    },
    {
      "name": "referrerAbTest",
      "variant": "value1",
    },
  ],
  "browserId": null,
  "campaignCodes": [
    "Example",
  ],
  "componentId": "exampleComponentId",
  "componentType": "exampleComponentType",
  "gaId": null,
  "labels": undefined,
  "pageviewId": "123456",
  "platform": "SUPPORT",
  "postalCode": "N1 9GU",
  "queryParameters": [
    {
      "name": "param1",
      "value": "value1",
    },
    {
      "name": "param2",
      "value": "value2",
    },
  ],
  "referrerPageviewId": "123456",
  "referrerUrl": "https://example.com",
  "source": "exampleSource",
}
`;
